// Vitest Snapshot v1, https://vitest.dev/guide/snapshot.html

exports[`Hero > matches the snapshot 1`] = `
<div>
  <section
    class="relative overflow-hidden bg-background screen-section-min scroll-mt-(--navbar-height) landing-section-pad flex flex-col justify-center"
    id="ns-home"
  >
    <div
      aria-hidden="true"
      class="pointer-events-none absolute inset-0 opacity-45 bg-[url(/backgrounds/4b-scattered-neutral.webp)] bg-size-[clamp(640px,80vw,1100px)_auto]"
    />
    <div
      class="relative landing-container"
    >
      <div
        class="flex max-w-180 flex-col gap-6"
      >
        <span
          class="font-mono text-xs tracking-[0.08em] text-foreground/60"
        >
          SOFTWARE STUDIO
        </span>
        <h1
          class="max-w-[15ch] font-bold text-pretty text-[clamp(2.6rem,6vw,4.2rem)] leading-[1.15] tracking-tight"
        >
          <span
            class="text-primary-500"
          >
            Quiet software
          </span>
          <br />
          grows at night
        </h1>
        <p
          class="measure-tight text-base text-foreground/70"
        >
          A studio for focused software, built after hours. Small systems, crafted interfaces, and tools that grow slowly.
        </p>
        <div
          class="mt-2 flex flex-wrap items-center gap-x-4 gap-y-3"
        >
          <a
            class="select-none whitespace-nowrap font-medium cursor-pointer transition-colors duration-200 motion-reduce:transition-none focus-visible:outline-none focus-visible:ring-2 focus-visible:ring-offset-2 ring-offset-dark text-base px-4 py-2 rounded-md text-dark bg-primary-500 hover:bg-primary-400 active:bg-primary-400 focus-visible:ring-primary-500 disabled:opacity-60 disabled:hover:bg-primary-500 disabled:active:bg-primary-500"
            href="#ns-projects"
          >
            View projects
          </a>
          <a
            class="select-none whitespace-nowrap font-medium cursor-pointer transition-colors duration-200 motion-reduce:transition-none focus-visible:outline-none focus-visible:ring-2 focus-visible:ring-offset-2 ring-offset-dark text-base px-4 py-2 rounded-md text-neutral-400 hover:text-neutral-300 active:text-neutral-300 focus-visible:ring-neutral-400 disabled:opacity-60 disabled:hover:text-neutral-400 disabled:hover:bg-transparent disabled:active:bg-transparent"
            href="/contact"
          >
            Contact →
          </a>
        </div>
      </div>
    </div>
  </section>
</div>
`;
